00:00 +0: loading C:/Users/tusha/OneDrive/Desktop/FieldSync/fieldsync/test/offline_sync_test.dart
00:00 +0: C:/Users/tusha/OneDrive/Desktop/FieldSync/fieldsync/test/offline_sync_test.dart: Offline-First Pipeline Tests Submission is saved locally with SyncStatus.pending
00:00 +1: C:/Users/tusha/OneDrive/Desktop/FieldSync/fieldsync/test/offline_sync_test.dart: Offline-First Pipeline Tests SyncEngine processes pending submissions
00:00 +1 ~1: C:/Users/tusha/OneDrive/Desktop/FieldSync/fieldsync/test/offline_sync_test.dart: Offline-First Pipeline Tests FormController creates and saves submission
00:00 +2 ~1: C:/Users/tusha/OneDrive/Desktop/FieldSync/fieldsync/test/widget_test.dart: Counter increments smoke test
ΓòÉΓòÉΓòí EXCEPTION CAUGHT BY WIDGETS LIBRARY Γò₧ΓòÉΓòÉΓòÉΓòÉΓòÉΓòÉΓòÉΓòÉΓòÉΓòÉΓòÉΓòÉΓòÉΓòÉΓòÉΓòÉΓòÉΓòÉΓòÉΓòÉΓòÉΓòÉΓòÉΓòÉΓòÉΓòÉΓòÉΓòÉΓòÉΓòÉΓòÉΓòÉΓòÉΓòÉΓòÉΓòÉΓòÉΓòÉΓòÉΓòÉΓòÉΓòÉΓòÉΓòÉΓòÉΓòÉΓòÉΓòÉΓòÉΓòÉΓòÉΓòÉΓòÉΓòÉΓòÉΓòÉΓòÉΓòÉΓòÉ
The following FirebaseException was thrown building UncontrolledProviderScope:
[core/no-app] No Firebase App '[DEFAULT]' has been created - call Firebase.initializeApp()

The relevant error-causing widget was:
  UncontrolledProviderScope
  UncontrolledProviderScope:file:///C:/Users/tusha/AppData/Local/Pub/Cache/hosted/pub.dev/flutter_riverpod-2.6.1/lib/src/framework.dart:256:12

When the exception was thrown, this was the stack:
#1      ProviderContainer.read (package:riverpod/src/framework/container.dart:241:21)
#2      ConsumerStatefulElement.read (package:flutter_riverpod/src/consumer.dart:620:59)
#3      _FieldSyncAppState.initState (package:fieldsync/main.dart:31:9)
#4      StatefulElement._firstBuild (package:flutter/src/widgets/framework.dart:5852:55)
#5      ComponentElement.mount (package:flutter/src/widgets/framework.dart:5699:5)
...     Normal element mounting (7 frames)
#12     _UncontrolledProviderScopeElement.mount (package:flutter_riverpod/src/framework.dart:315:11)
...     Normal element mounting (9 frames)
#21     Element.inflateWidget (package:flutter/src/widgets/framework.dart:4548:16)
#22     Element.updateChild (package:flutter/src/widgets/framework.dart:3998:20)
#23     ComponentElement.performRebuild (package:flutter/src/widgets/framework.dart:5747:16)
#24     Element.rebuild (package:flutter/src/widgets/framework.dart:5435:7)
#25     ProxyElement.update (package:flutter/src/widgets/framework.dart:6051:5)
#26     _InheritedNotifierElement.update (package:flutter/src/widgets/inherited_notifier.dart:108:11)
#27     Element.updateChild (package:flutter/src/widgets/framework.dart:3982:15)
#28     ComponentElement.performRebuild (package:flutter/src/widgets/framework.dart:5747:16)
#29     StatefulElement.performRebuild (package:flutter/src/widgets/framework.dart:5884:11)
#30     Element.rebuild (package:flutter/src/widgets/framework.dart:5435:7)
#31     StatefulElement.update (package:flutter/src/widgets/framework.dart:5909:5)
#32     Element.updateChild (package:flutter/src/widgets/framework.dart:3982:15)
#33     ComponentElement.performRebuild (package:flutter/src/widgets/framework.dart:5747:16)
#34     Element.rebuild (package:flutter/src/widgets/framework.dart:5435:7)
#35     ProxyElement.update (package:flutter/src/widgets/framework.dart:6051:5)
#36     _InheritedNotifierElement.update (package:flutter/src/widgets/inherited_notifier.dart:108:11)
#37     Element.updateChild (package:flutter/src/widgets/framework.dart:3982:15)
#38     ComponentElement.performRebuild (package:flutter/src/widgets/framework.dart:5747:16)
#39     StatefulElement.performRebuild (package:flutter/src/widgets/framework.dart:5884:11)
#40     Element.rebuild (package:flutter/src/widgets/framework.dart:5435:7)
#41     StatefulElement.update (package:flutter/src/widgets/framework.dart:5909:5)
#42     Element.updateChild (package:flutter/src/widgets/framework.dart:3982:15)
#43     ComponentElement.performRebuild (package:flutter/src/widgets/framework.dart:5747:16)
#44     StatefulElement.performRebuild (package:flutter/src/widgets/framework.dart:5884:11)
#45     Element.rebuild (package:flutter/src/widgets/framework.dart:5435:7)
#46     StatefulElement.update (package:flutter/src/widgets/framework.dart:5909:5)
#47     Element.updateChild (package:flutter/src/widgets/framework.dart:3982:15)
#48     ComponentElement.performRebuild (package:flutter/src/widgets/framework.dart:5747:16)
#49     Element.rebuild (package:flutter/src/widgets/framework.dart:5435:7)
#50     ProxyElement.update (package:flutter/src/widgets/framework.dart:6051:5)
#51     Element.updateChild (package:flutter/src/widgets/framework.dart:3982:15)
#52     ComponentElement.performRebuild (package:flutter/src/widgets/framework.dart:5747:16)
#53     StatefulElement.performRebuild (package:flutter/src/widgets/framework.dart:5884:11)
#54     Element.rebuild (package:flutter/src/widgets/framework.dart:5435:7)
#55     StatefulElement.update (package:flutter/src/widgets/framework.dart:5909:5)
#56     Element.updateChild (package:flutter/src/widgets/framework.dart:3982:15)
#57     ComponentElement.performRebuild (package:flutter/src/widgets/framework.dart:5747:16)
#58     Element.rebuild (package:flutter/src/widgets/framework.dart:5435:7)
#59     ProxyElement.update (package:flutter/src/widgets/framework.dart:6051:5)
#60     Element.updateChild (package:flutter/src/widgets/framework.dart:3982:15)
#61     ComponentElement.performRebuild (package:flutter/src/widgets/framework.dart:5747:16)
#62     Element.rebuild (package:flutter/src/widgets/framework.dart:5435:7)
#63     ProxyElement.update (package:flutter/src/widgets/framework.dart:6051:5)
#64     Element.updateChild (package:flutter/src/widgets/framework.dart:3982:15)
#65     _RawViewElement._updateChild (package:flutter/src/widgets/view.dart:481:16)
#66     _RawViewElement.update (package:flutter/src/widgets/view.dart:568:5)
#67     Element.updateChild (package:flutter/src/widgets/framework.dart:3982:15)
#68     ComponentElement.performRebuild (package:flutter/src/widgets/framework.dart:5747:16)
#69     Element.rebuild (package:flutter/src/widgets/framework.dart:5435:7)
#70     StatelessElement.update (package:flutter/src/widgets/framework.dart:5797:5)
#71     Element.updateChild (package:flutter/src/widgets/framework.dart:3982:15)
#72     ComponentElement.performRebuild (package:flutter/src/widgets/framework.dart:5747:16)
#73     StatefulElement.performRebuild (package:flutter/src/widgets/framework.dart:5884:11)
#74     Element.rebuild (package:flutter/src/widgets/framework.dart:5435:7)
#75     StatefulElement.update (package:flutter/src/widgets/framework.dart:5909:5)
#76     Element.updateChild (package:flutter/src/widgets/framework.dart:3982:15)
#77     RootElement._rebuild (package:flutter/src/widgets/binding.dart:1716:16)
#78     RootElement.update (package:flutter/src/widgets/binding.dart:1694:5)
#79     RootElement.performRebuild (package:flutter/src/widgets/binding.dart:1708:7)
#80     Element.rebuild (package:flutter/src/widgets/framework.dart:5435:7)
#81     BuildScope._tryRebuild (package:flutter/src/widgets/framework.dart:2695:15)
#82     BuildScope._flushDirtyElements (package:flutter/src/widgets/framework.dart:2752:11)
#83     BuildOwner.buildScope (package:flutter/src/widgets/framework.dart:3056:18)
#84     AutomatedTestWidgetsFlutterBinding.drawFrame (package:flutter_test/src/binding.dart:1506:19)
#85     RendererBinding._handlePersistentFrameCallback (package:flutter/src/rendering/binding.dart:495:5)
#86     SchedulerBinding._invokeFrameCallback (package:flutter/src/scheduler/binding.dart:1434:15)
#87     SchedulerBinding.handleDrawFrame (package:flutter/src/scheduler/binding.dart:1347:9)
#88     AutomatedTestWidgetsFlutterBinding.pump.<anonymous closure> (package:flutter_test/src/binding.dart:1335:9)
#91     TestAsyncUtils.guard (package:flutter_test/src/test_async_utils.dart:74:41)
#92     AutomatedTestWidgetsFlutterBinding.pump (package:flutter_test/src/binding.dart:1324:27)
#93     WidgetTester.pumpWidget.<anonymous closure> (package:flutter_test/src/widget_tester.dart:598:22)
#96     TestAsyncUtils.guard (package:flutter_test/src/test_async_utils.dart:74:41)
#97     WidgetTester.pumpWidget (package:flutter_test/src/widget_tester.dart:595:27)
#98     main.<anonymous closure> (file:///C:/Users/tusha/OneDrive/Desktop/FieldSync/fieldsync/test/widget_test.dart:16:18)
#99     testWidgets.<anonymous closure>.<anonymous closure> (package:flutter_test/src/widget_tester.dart:192:29)
#100    TestWidgetsFlutterBinding._runTestBody (package:flutter_test/src/binding.dart:1059:5)
#102    MethodChannelFirebase.app (package:firebase_core_platform_interface/src/method_channel/method_channel_firebase.dart:190:5)
#103    Firebase.app (package:firebase_core/src/firebase.dart:79:41)
#104    FirebaseFirestore.instance (package:cloud_firestore/src/firestore.dart:33:21)
#105    new SyncEngine (package:fieldsync/core/sync/sync_engine.dart:15:53)
#106    syncEngineProvider.<anonymous closure> (package:fieldsync/core/sync/sync_engine.dart:80:10)
#107    ProviderContainer.read (package:riverpod/src/framework/container.dart:241:21)
#108    ConsumerStatefulElement.read (package:flutter_riverpod/src/consumer.dart:620:59)
#109    _FieldSyncAppState.initState (package:fieldsync/main.dart:31:9)
#110    StatefulElement._firstBuild (package:flutter/src/widgets/framework.dart:5852:55)
#111    ComponentElement.mount (package:flutter/src/widgets/framework.dart:5699:5)
...     Normal element mounting (7 frames)
#118    _UncontrolledProviderScopeElement.mount (package:flutter_riverpod/src/framework.dart:315:11)
...     Normal element mounting (9 frames)
#127    Element.inflateWidget (package:flutter/src/widgets/framework.dart:4548:16)
#128    Element.updateChild (package:flutter/src/widgets/framework.dart:3998:20)
#129    ComponentElement.performRebuild (package:flutter/src/widgets/framework.dart:5747:16)
#130    Element.rebuild (package:flutter/src/widgets/framework.dart:5435:7)
#131    ProxyElement.update (package:flutter/src/widgets/framework.dart:6051:5)
#132    _InheritedNotifierElement.update (package:flutter/src/widgets/inherited_notifier.dart:108:11)
#133    Element.updateChild (package:flutter/src/widgets/framework.dart:3982:15)
#134    ComponentElement.performRebuild (package:flutter/src/widgets/framework.dart:5747:16)
#135    StatefulElement.performRebuild (package:flutter/src/widgets/framework.dart:5884:11)
#136    Element.rebuild (package:flutter/src/widgets/framework.dart:5435:7)
#137    StatefulElement.update (package:flutter/src/widgets/framework.dart:5909:5)
#138    Element.updateChild (package:flutter/src/widgets/framework.dart:3982:15)
#139    ComponentElement.performRebuild (package:flutter/src/widgets/framework.dart:5747:16)
#140    Element.rebuild (package:flutter/src/widgets/framework.dart:5435:7)
#141    ProxyElement.update (package:flutter/src/widgets/framework.dart:6051:5)
#142    _InheritedNotifierElement.update (package:flutter/src/widgets/inherited_notifier.dart:108:11)
#143    Element.updateChild (package:flutter/src/widgets/framework.dart:3982:15)
#144    ComponentElement.performRebuild (package:flutter/src/widgets/framework.dart:5747:16)
#145    StatefulElement.performRebuild (package:flutter/src/widgets/framework.dart:5884:11)
#146    Element.rebuild (package:flutter/src/widgets/framework.dart:5435:7)
#147    StatefulElement.update (package:flutter/src/widgets/framework.dart:5909:5)
#148    Element.updateChild (package:flutter/src/widgets/framework.dart:3982:15)
#149    ComponentElement.performRebuild (package:flutter/src/widgets/framework.dart:5747:16)
#150    StatefulElement.performRebuild (package:flutter/src/widgets/framework.dart:5884:11)
#151    Element.rebuild (package:flutter/src/widgets/framework.dart:5435:7)
#152    StatefulElement.update (package:flutter/src/widgets/framework.dart:5909:5)
#153    Element.updateChild (package:flutter/src/widgets/framework.dart:3982:15)
#154    ComponentElement.performRebuild (package:flutter/src/widgets/framework.dart:5747:16)
#155    Element.rebuild (package:flutter/src/widgets/framework.dart:5435:7)
#156    ProxyElement.update (package:flutter/src/widgets/framework.dart:6051:5)
#157    Element.updateChild (package:flutter/src/widgets/framework.dart:3982:15)
#158    ComponentElement.performRebuild (package:flutter/src/widgets/framework.dart:5747:16)
#159    StatefulElement.performRebuild (package:flutter/src/widgets/framework.dart:5884:11)
#160    Element.rebuild (package:flutter/src/widgets/framework.dart:5435:7)
#161    StatefulElement.update (package:flutter/src/widgets/framework.dart:5909:5)
#162    Element.updateChild (package:flutter/src/widgets/framework.dart:3982:15)
#163    ComponentElement.performRebuild (package:flutter/src/widgets/framework.dart:5747:16)
#164    Element.rebuild (package:flutter/src/widgets/framework.dart:5435:7)
#165    ProxyElement.update (package:flutter/src/widgets/framework.dart:6051:5)
#166    Element.updateChild (package:flutter/src/widgets/framework.dart:3982:15)
#167    ComponentElement.performRebuild (package:flutter/src/widgets/framework.dart:5747:16)
#168    Element.rebuild (package:flutter/src/widgets/framework.dart:5435:7)
#169    ProxyElement.update (package:flutter/src/widgets/framework.dart:6051:5)
#170    Element.updateChild (package:flutter/src/widgets/framework.dart:3982:15)
#171    _RawViewElement._updateChild (package:flutter/src/widgets/view.dart:481:16)
#172    _RawViewElement.update (package:flutter/src/widgets/view.dart:568:5)
#173    Element.updateChild (package:flutter/src/widgets/framework.dart:3982:15)
#174    ComponentElement.performRebuild (package:flutter/src/widgets/framework.dart:5747:16)
#175    Element.rebuild (package:flutter/src/widgets/framework.dart:5435:7)
#176    StatelessElement.update (package:flutter/src/widgets/framework.dart:5797:5)
#177    Element.updateChild (package:flutter/src/widgets/framework.dart:3982:15)
#178    ComponentElement.performRebuild (package:flutter/src/widgets/framework.dart:5747:16)
#179    StatefulElement.performRebuild (package:flutter/src/widgets/framework.dart:5884:11)
#180    Element.rebuild (package:flutter/src/widgets/framework.dart:5435:7)
#181    StatefulElement.update (package:flutter/src/widgets/framework.dart:5909:5)
#182    Element.updateChild (package:flutter/src/widgets/framework.dart:3982:15)
#183    RootElement._rebuild (package:flutter/src/widgets/binding.dart:1716:16)
#184    RootElement.update (package:flutter/src/widgets/binding.dart:1694:5)
#185    RootElement.performRebuild (package:flutter/src/widgets/binding.dart:1708:7)
#186    Element.rebuild (package:flutter/src/widgets/framework.dart:5435:7)
#187    BuildScope._tryRebuild (package:flutter/src/widgets/framework.dart:2695:15)
#188    BuildScope._flushDirtyElements (package:flutter/src/widgets/framework.dart:2752:11)
#189    BuildOwner.buildScope (package:flutter/src/widgets/framework.dart:3056:18)
#190    AutomatedTestWidgetsFlutterBinding.drawFrame (package:flutter_test/src/binding.dart:1506:19)
#191    RendererBinding._handlePersistentFrameCallback (package:flutter/src/rendering/binding.dart:495:5)
#192    SchedulerBinding._invokeFrameCallback (package:flutter/src/scheduler/binding.dart:1434:15)
#193    SchedulerBinding.handleDrawFrame (package:flutter/src/scheduler/binding.dart:1347:9)
#194    AutomatedTestWidgetsFlutterBinding.pump.<anonymous closure> (package:flutter_test/src/binding.dart:1335:9)
#197    TestAsyncUtils.guard (package:flutter_test/src/test_async_utils.dart:74:41)
#198    AutomatedTestWidgetsFlutterBinding.pump (package:flutter_test/src/binding.dart:1324:27)
#199    WidgetTester.pumpWidget.<anonymous closure> (package:flutter_test/src/widget_tester.dart:598:22)
#202    TestAsyncUtils.guard (package:flutter_test/src/test_async_utils.dart:74:41)
#203    WidgetTester.pumpWidget (package:flutter_test/src/widget_tester.dart:595:27)
#204    main.<anonymous closure> (file:///C:/Users/tusha/OneDrive/Desktop/FieldSync/fieldsync/test/widget_test.dart:16:18)
#205    testWidgets.<anonymous closure>.<anonymous closure> (package:flutter_test/src/widget_tester.dart:192:29)
#207    testWidgets.<anonymous closure>.<anonymous closure> (package:flutter_test/src/widget_tester.dart:189:25)
#208    TestWidgetsFlutterBinding._runTestBody (package:flutter_test/src/binding.dart:1059:19)
#210    TestWidgetsFlutterBinding._runTestBody (package:flutter_test/src/binding.dart:1048:5)
#213    TestWidgetsFlutterBinding._runTest (package:flutter_test/src/binding.dart:1033:10)
#214    AutomatedTestWidgetsFlutterBinding.runTest.<anonymous closure> (package:flutter_test/src/binding.dart:1564:24)
#215    FakeAsync.run.<anonymous closure>.<anonymous closure> (package:fake_async/fake_async.dart:182:47)
#220    withClock (package:clock/src/default.dart:52:10)
#221    FakeAsync.run.<anonymous closure> (package:fake_async/fake_async.dart:182:15)
#226    FakeAsync.run (package:fake_async/fake_async.dart:181:52)
#227    AutomatedTestWidgetsFlutterBinding.runTest (package:flutter_test/src/binding.dart:1561:15)
#228    testWidgets.<anonymous closure> (package:flutter_test/src/widget_tester.dart:184:24)
#229    Declarer.test.<anonymous closure>.<anonymous closure> (package:test_api/src/backend/declarer.dart:242:19)
#231    Declarer.test.<anonymous closure>.<anonymous closure> (package:test_api/src/backend/declarer.dart:241:9)
#236    Declarer.test.<anonymous closure> (package:test_api/src/backend/declarer.dart:240:13)
#237    Invoker._waitForOutstandingCallbacks.<anonymous closure> (package:test_api/src/backend/invoker.dart:282:17)
#242    Invoker._waitForOutstandingCallbacks (package:test_api/src/backend/invoker.dart:278:5)
#243    Invoker._onRun.<anonymous closure>.<anonymous closure>.<anonymous closure> (package:test_api/src/backend/invoker.dart:418:17)
#245    Invoker._onRun.<anonymous closure>.<anonymous closure>.<anonymous closure> (package:test_api/src/backend/invoker.dart:416:11)
#250    Invoker._onRun.<anonymous closure>.<anonymous closure> (package:test_api/src/backend/invoker.dart:407:9)
#251    Invoker._guardIfGuarded (package:test_api/src/backend/invoker.dart:450:15)
#252    Invoker._onRun.<anonymous closure> (package:test_api/src/backend/invoker.dart:406:7)
#259    Invoker._onRun (package:test_api/src/backend/invoker.dart:405:11)
#260    LiveTestController.run (package:test_api/src/backend/live_test_controller.dart:153:11)
#261    RemoteListener._runLiveTest.<anonymous closure> (package:test_api/src/backend/remote_listener.dart:275:16)
#266    RemoteListener._runLiveTest (package:test_api/src/backend/remote_listener.dart:274:5)
#267    RemoteListener._serializeTest.<anonymous closure> (package:test_api/src/backend/remote_listener.dart:221:7)
#285    _GuaranteeSink.add (package:stream_channel/src/guarantee_channel.dart:125:12)
#286    new _MultiChannel.<anonymous closure> (package:stream_channel/src/multi_channel.dart:159:31)
#288    CastStreamSubscription._onData (dart:_internal/async_cast.dart:95:11)
#314    new _WebSocketImpl._fromSocket.<anonymous closure> (dart:_http/websocket_impl.dart:1252:27)
#320    _WebSocketProtocolTransformer._messageFrameEnd (dart:_http/websocket_impl.dart:348:23)
#321    _WebSocketProtocolTransformer.add (dart:_http/websocket_impl.dart:238:46)
#329    _Socket._onData (dart:io-patch/socket_patch.dart:2912:41)
#336    new _RawSocket.<anonymous closure> (dart:io-patch/socket_patch.dart:2331:31)
#337    _NativeSocket.issueReadEvent.issue (dart:io-patch/socket_patch.dart:1655:14)
(elided 108 frames from dart:async and package:stack_trace)

ΓòÉΓòÉΓòÉΓòÉΓòÉΓòÉΓòÉΓòÉΓòÉΓòÉΓòÉΓòÉΓòÉΓòÉΓòÉΓòÉΓòÉΓòÉΓòÉΓòÉΓòÉΓòÉΓòÉΓòÉΓòÉΓòÉΓòÉΓòÉΓòÉΓòÉΓòÉΓòÉΓòÉΓòÉΓòÉΓòÉΓòÉΓòÉΓòÉΓòÉΓòÉΓòÉΓòÉΓòÉΓòÉΓòÉΓòÉΓòÉΓòÉΓòÉΓòÉΓòÉΓòÉΓòÉΓòÉΓòÉΓòÉΓòÉΓòÉΓòÉΓòÉΓòÉΓòÉΓòÉΓòÉΓòÉΓòÉΓòÉΓòÉΓòÉΓòÉΓòÉΓòÉΓòÉΓòÉΓòÉΓòÉΓòÉΓòÉΓòÉΓòÉΓòÉΓòÉΓòÉΓòÉΓòÉΓòÉΓòÉΓòÉΓòÉΓòÉΓòÉΓòÉΓòÉΓòÉΓòÉΓòÉΓòÉΓòÉΓòÉ
ΓòÉΓòÉΓòí EXCEPTION CAUGHT BY FLUTTER TEST FRAMEWORK Γò₧ΓòÉΓòÉΓòÉΓòÉΓòÉΓòÉΓòÉΓòÉΓòÉΓòÉΓòÉΓòÉΓòÉΓòÉΓòÉΓòÉΓòÉΓòÉΓòÉΓòÉΓòÉΓòÉΓòÉΓòÉΓòÉΓòÉΓòÉΓòÉΓòÉΓòÉΓòÉΓòÉΓòÉΓòÉΓòÉΓòÉΓòÉΓòÉΓòÉΓòÉΓòÉΓòÉΓòÉΓòÉΓòÉΓòÉΓòÉΓòÉΓòÉΓòÉΓòÉΓòÉ
The following TestFailure was thrown running a test:
Expected: exactly one matching candidate
  Actual: _TypeWidgetFinder:<Found 0 widgets with type "FieldSyncApp": []>
   Which: means none were found but one was expected

When the exception was thrown, this was the stack:
#4      main.<anonymous closure> (file:///C:/Users/tusha/OneDrive/Desktop/FieldSync/fieldsync/test/widget_test.dart:19:5)
<asynchronous suspension>
#5      testWidgets.<anonymous closure>.<anonymous closure> (package:flutter_test/src/widget_tester.dart:192:15)
<asynchronous suspension>
#6      TestWidgetsFlutterBinding._runTestBody (package:flutter_test/src/binding.dart:1059:5)
<asynchronous suspension>
<asynchronous suspension>
(elided one frame from package:stack_trace)

This was caught by the test expectation on the following line:
  file:///C:/Users/tusha/OneDrive/Desktop/FieldSync/fieldsync/test/widget_test.dart line 19
The test description was:
  Counter increments smoke test
ΓòÉΓòÉΓòÉΓòÉΓòÉΓòÉΓòÉΓòÉΓòÉΓòÉΓòÉΓòÉΓòÉΓòÉΓòÉΓòÉΓòÉΓòÉΓòÉΓòÉΓòÉΓòÉΓòÉΓòÉΓòÉΓòÉΓòÉΓòÉΓòÉΓòÉΓòÉΓòÉΓòÉΓòÉΓòÉΓòÉΓòÉΓòÉΓòÉΓòÉΓòÉΓòÉΓòÉΓòÉΓòÉΓòÉΓòÉΓòÉΓòÉΓòÉΓòÉΓòÉΓòÉΓòÉΓòÉΓòÉΓòÉΓòÉΓòÉΓòÉΓòÉΓòÉΓòÉΓòÉΓòÉΓòÉΓòÉΓòÉΓòÉΓòÉΓòÉΓòÉΓòÉΓòÉΓòÉΓòÉΓòÉΓòÉΓòÉΓòÉΓòÉΓòÉΓòÉΓòÉΓòÉΓòÉΓòÉΓòÉΓòÉΓòÉΓòÉΓòÉΓòÉΓòÉΓòÉΓòÉΓòÉΓòÉΓòÉΓòÉ
ΓòÉΓòÉΓòí EXCEPTION CAUGHT BY FLUTTER TEST FRAMEWORK Γò₧ΓòÉΓòÉΓòÉΓòÉΓòÉΓòÉΓòÉΓòÉΓòÉΓòÉΓòÉΓòÉΓòÉΓòÉΓòÉΓòÉΓòÉΓòÉΓòÉΓòÉΓòÉΓòÉΓòÉΓòÉΓòÉΓòÉΓòÉΓòÉΓòÉΓòÉΓòÉΓòÉΓòÉΓòÉΓòÉΓòÉΓòÉΓòÉΓòÉΓòÉΓòÉΓòÉΓòÉΓòÉΓòÉΓòÉΓòÉΓòÉΓòÉΓòÉΓòÉΓòÉ
The following message was thrown:
Multiple exceptions (2) were detected during the running of the current test, and at least one was
unexpected.
ΓòÉΓòÉΓòÉΓòÉΓòÉΓòÉΓòÉΓòÉΓòÉΓòÉΓòÉΓòÉΓòÉΓòÉΓòÉΓòÉΓòÉΓòÉΓòÉΓòÉΓòÉΓòÉΓòÉΓòÉΓòÉΓòÉΓòÉΓòÉΓòÉΓòÉΓòÉΓòÉΓòÉΓòÉΓòÉΓòÉΓòÉΓòÉΓòÉΓòÉΓòÉΓòÉΓòÉΓòÉΓòÉΓòÉΓòÉΓòÉΓòÉΓòÉΓòÉΓòÉΓòÉΓòÉΓòÉΓòÉΓòÉΓòÉΓòÉΓòÉΓòÉΓòÉΓòÉΓòÉΓòÉΓòÉΓòÉΓòÉΓòÉΓòÉΓòÉΓòÉΓòÉΓòÉΓòÉΓòÉΓòÉΓòÉΓòÉΓòÉΓòÉΓòÉΓòÉΓòÉΓòÉΓòÉΓòÉΓòÉΓòÉΓòÉΓòÉΓòÉΓòÉΓòÉΓòÉΓòÉΓòÉΓòÉΓòÉΓòÉ
00:00 +2 ~1 -1: C:/Users/tusha/OneDrive/Desktop/FieldSync/fieldsync/test/widget_test.dart: Counter increments smoke test [E]
  Test failed. See exception logs above.
  The test description was: Counter increments smoke test
  
00:00 +2 ~1 -1: Some tests failed.
